2024-01-15 08:00:01 INFO  [main] Application starting up...
2024-01-15 08:00:02 INFO  [main] Loading configuration from /etc/app/config.yaml
2024-01-15 08:00:02 INFO  [main] Configuration loaded successfully
2024-01-15 08:00:03 INFO  [database] Initializing database connection pool
2024-01-15 08:00:03 INFO  [database] Connecting to postgres://db.internal:5432/production
2024-01-15 08:00:04 INFO  [database] Connection pool established: min=5, max=20
2024-01-15 08:00:05 INFO  [cache] Initializing Redis cache connection
2024-01-15 08:00:05 INFO  [cache] Connected to redis://cache.internal:6379
2024-01-15 08:00:06 INFO  [http] Starting HTTP server on port 8080
2024-01-15 08:00:06 INFO  [http] Server started successfully
2024-01-15 08:00:10 INFO  [http] Incoming request: GET /health from 10.0.0.1
2024-01-15 08:00:10 INFO  [http] Response: 200 OK (12ms)
2024-01-15 08:01:15 INFO  [http] Incoming request: POST /api/users from 192.168.1.50
2024-01-15 08:01:15 DEBUG [auth] Validating JWT token
2024-01-15 08:01:15 INFO  [auth] Token validated for user: john.doe@example.com
2024-01-15 08:01:16 INFO  [http] Response: 201 Created (342ms)
2024-01-15 08:05:22 WARN  [database] Slow query detected: SELECT * FROM orders WHERE status='pending' - 2340ms
2024-01-15 08:05:23 WARN  [database] Query optimization recommended for table 'orders'
2024-01-15 08:10:00 INFO  [scheduler] Running scheduled job: cleanup_expired_sessions
2024-01-15 08:10:02 INFO  [scheduler] Job completed: 145 sessions cleaned
2024-01-15 08:15:33 INFO  [http] Incoming request: GET /api/products from 192.168.1.75
2024-01-15 08:15:34 ERROR [database] Connection timeout after 30000ms
2024-01-15 08:15:34 ERROR [database] Failed to execute query: SELECT * FROM products WHERE active=true
2024-01-15 08:15:34 WARN  [database] Attempting reconnection (attempt 1/3)
2024-01-15 08:15:35 INFO  [database] Reconnection successful
2024-01-15 08:15:36 INFO  [http] Response: 200 OK (3021ms)
2024-01-15 08:20:00 ERROR [cache] Redis connection lost: ECONNRESET
2024-01-15 08:20:00 WARN  [cache] Falling back to database for cache operations
2024-01-15 08:20:01 WARN  [performance] Cache miss rate increased to 100%
2024-01-15 08:20:05 ERROR [cache] Failed to reconnect to Redis: Connection refused
2024-01-15 08:20:05 ERROR [cache] Redis server may be down at cache.internal:6379
2024-01-15 08:20:10 WARN  [http] Request latency increased: avg 850ms (threshold: 500ms)
2024-01-15 08:21:00 INFO  [alert] Sending alert to ops team: Cache service unavailable
2024-01-15 08:25:15 INFO  [cache] Attempting Redis reconnection...
2024-01-15 08:25:16 INFO  [cache] Redis connection restored
2024-01-15 08:25:16 INFO  [cache] Cache operations resumed normally
2024-01-15 08:30:00 INFO  [scheduler] Running scheduled job: generate_daily_report
2024-01-15 08:30:45 INFO  [scheduler] Job completed: report generated and sent
2024-01-15 08:35:22 ERROR [auth] Authentication failed for user: admin@example.com - Invalid password
2024-01-15 08:35:23 WARN  [security] Failed login attempt from IP: 203.45.67.89
2024-01-15 08:35:30 ERROR [auth] Authentication failed for user: admin@example.com - Invalid password
2024-01-15 08:35:31 WARN  [security] Failed login attempt from IP: 203.45.67.89
2024-01-15 08:35:38 ERROR [auth] Authentication failed for user: admin@example.com - Invalid password
2024-01-15 08:35:39 WARN  [security] Multiple failed login attempts detected from IP: 203.45.67.89
2024-01-15 08:35:40 ERROR [security] Potential brute force attack detected - blocking IP: 203.45.67.89
2024-01-15 08:35:40 INFO  [security] IP 203.45.67.89 added to blocklist for 1 hour
2024-01-15 08:40:00 INFO  [http] Incoming request: GET /api/orders from 192.168.1.100
2024-01-15 08:40:01 INFO  [http] Response: 200 OK (156ms)
2024-01-15 08:45:12 WARN  [memory] Heap usage at 75% (6.0GB / 8.0GB)
2024-01-15 08:45:12 INFO  [gc] Triggering garbage collection
2024-01-15 08:45:14 INFO  [gc] GC completed: freed 1.2GB
2024-01-15 08:45:14 INFO  [memory] Heap usage reduced to 60% (4.8GB / 8.0GB)
2024-01-15 08:50:00 ERROR [database] Deadlock detected in transaction: txn_123456
2024-01-15 08:50:00 ERROR [database] Transaction rolled back: txn_123456
2024-01-15 08:50:01 WARN  [database] Deadlock involved tables: orders, inventory
2024-01-15 08:50:01 INFO  [database] Retrying transaction: txn_123456
2024-01-15 08:50:02 INFO  [database] Transaction completed successfully on retry
2024-01-15 08:55:00 INFO  [http] Incoming request: POST /api/checkout from 192.168.1.150
2024-01-15 08:55:01 INFO  [payment] Processing payment for order: ORD-789012
2024-01-15 08:55:03 ERROR [payment] Payment gateway timeout: stripe.com
2024-01-15 08:55:03 WARN  [payment] Retrying payment (attempt 1/3)
2024-01-15 08:55:05 INFO  [payment] Payment processed successfully: $149.99
2024-01-15 08:55:05 INFO  [http] Response: 200 OK (4123ms)
2024-01-15 09:00:00 INFO  [scheduler] Running scheduled job: sync_inventory
2024-01-15 09:00:15 WARN  [inventory] Stock discrepancy detected for SKU: PROD-456
2024-01-15 09:00:15 WARN  [inventory] Expected: 100, Actual: 85
2024-01-15 09:00:16 INFO  [inventory] Discrepancy logged for manual review
2024-01-15 09:00:30 INFO  [scheduler] Job completed: 1523 items synced, 1 discrepancy
2024-01-15 09:05:00 FATAL [database] Database connection pool exhausted
2024-01-15 09:05:00 FATAL [database] All 20 connections are in use
2024-01-15 09:05:00 ERROR [http] Unable to process request: no available database connections
2024-01-15 09:05:01 WARN  [http] Returning 503 Service Unavailable to clients
2024-01-15 09:05:05 INFO  [database] Waiting for connections to be released...
2024-01-15 09:05:10 INFO  [database] 5 connections released
2024-01-15 09:05:10 INFO  [http] Service restored, processing queued requests
2024-01-15 09:05:15 WARN  [monitoring] Service degradation detected: response time spike
2024-01-15 09:05:20 INFO  [scaling] Auto-scaling triggered: adding 2 instances
2024-01-15 09:10:00 INFO  [scaling] New instances online: app-server-3, app-server-4
2024-01-15 09:10:01 INFO  [loadbalancer] Traffic redistributed across 4 instances
2024-01-15 09:10:05 INFO  [monitoring] Service performance normalized
2024-01-15 09:15:00 INFO  [http] Traffic summary: 1,234 requests in last hour
2024-01-15 09:15:00 INFO  [http] Error rate: 0.8% (threshold: 1%)
2024-01-15 09:15:00 INFO  [http] Average response time: 245ms
2024-01-15 09:20:00 INFO  [backup] Starting database backup
2024-01-15 09:25:00 INFO  [backup] Backup completed: production_20240115_0920.sql.gz (2.3GB)
2024-01-15 09:25:01 INFO  [backup] Backup uploaded to s3://backups/daily/
2024-01-15 09:30:00 INFO  [health] System health check: all services operational
2024-01-15 09:30:00 INFO  [health] Database: healthy, Cache: healthy, Storage: healthy
